Program Version,EnergyPlus, Version 26.1.0-6f2e40d102, YMD=2026.04.16 19:46,
   ** Warning ** ProcessScheduleInput: Schedule:Compact = RESIDENTIAL_OCCUPANCY
   **   ~~~   ** has missing day types in Through=12/31
   **   ~~~   ** Last "For" field=FOR: WEEKENDS HOLIDAYS
   **   ~~~   ** Missing day types= "SummerDesignDay", "WinterDesignDay", "CustomDay1", "CustomDay2"
   **   ~~~   ** Missing day types will have 0.0 as Schedule Values
   ** Warning ** ProcessScheduleInput: Schedule:Compact = RESIDENTIAL_LIGHTING
   **   ~~~   ** has missing day types in Through=12/31
   **   ~~~   ** Last "For" field=FOR: WEEKENDS HOLIDAYS
   **   ~~~   ** Missing day types= "SummerDesignDay", "WinterDesignDay", "CustomDay1", "CustomDay2"
   **   ~~~   ** Missing day types will have 0.0 as Schedule Values
   ** Warning ** CheckEnvironmentSpecifications: SimulationControl specified doing design day simulations, but no design environments specified.
   **   ~~~   ** ...No design environment results produced. For these results, add appropriate SizingPeriod:* objects for your simulation.
   ** Warning ** GetHTSurfaceData: Surfaces with interface to Ground found but no "Ground Temperatures" were input.
   **   ~~~   ** Found first in surface=F1_STUDY_FLOOR
   **   ~~~   ** Defaults, constant throughout the year of (18.0) will be used.
   ** Warning ** GetVertices: Roof/Ceiling is upside down! Tilt angle=[180.0], should be near 0, Surface="F1_STUDY_ROOF", in Zone="F1_STUDY".
   **   ~~~   ** Automatic fix is attempted.
   ** Warning ** Indicated Zone Volume <= 0.0 for Zone=F1_STUDY
   **   ~~~   ** The calculated Zone Volume was=-18.67
   **   ~~~   ** The simulation will continue with the Zone Volume set to 10.0 m3. 
   **   ~~~   ** ...use Output:Diagnostics,DisplayExtraWarnings; to show more details on individual zones.
   ** Warning ** CheckUsedConstructions: There are 1 nominally unused constructions in input.
   **   ~~~   ** For explicit details on each unused construction, use Output:Diagnostics,DisplayExtraWarnings;
   ** Warning ** Output:Meter: invalid Key Name="NATURALGAS:FACILITY" - not found.
   ************* Testing Individual Branch Integrity
   ************* All Branches passed integrity testing
   ************* Testing Individual Supply Air Path Integrity
   ************* All Supply Air Paths passed integrity testing
   ************* Testing Individual Return Air Path Integrity
   ************* All Return Air Paths passed integrity testing
   ************* No node connection errors were found.
   ************* Beginning Simulation
   ************* Simulation Error Summary *************
   ************* There are 2 unused schedules in input.
   ************* Use Output:Diagnostics,DisplayUnusedSchedules; to see them.
   *************
   ************* ===== Final Error Summary =====
   ************* The following error categories occurred.  Consider correcting or noting.
   ************* Nominally Unused Constructions
   ************* ..The nominally unused constructions warning is provided to alert you to potential conditions that can cause
   ************* ..extra time during simulation. Each construction is calculated by the algorithm indicated in the HeatBalanceAlgorithm
   ************* ..object. You may remove the constructions indicated (when you use the DisplayExtraWarnings option).
   *************
   ************* EnergyPlus Warmup Error Summary. During Warmup: 0 Warning; 0 Severe Errors.
   ************* EnergyPlus Sizing Error Summary. During Sizing: 0 Warning; 0 Severe Errors.
   ************* EnergyPlus Completed Successfully-- 8 Warning; 0 Severe Errors; Elapsed Time=00hr 00min  0.63sec
